Initialized native services in: C:\Users\DANA\AppData\Local\Temp\cursor-sandbox-cache\152bd3cf1785a45757cecf2946d7ee3e\gradle\native
Initialized jansi services in: C:\Users\DANA\AppData\Local\Temp\cursor-sandbox-cache\152bd3cf1785a45757cecf2946d7ee3e\gradle\native
Received JVM installation metadata from 'C:\Program Files\Java\jdk-17': {JAVA_HOME=C:\Program Files\Java\jdk-17, JAVA_VERSION=17.0.8, JAVA_VENDOR=Oracle Corporation, RUNTIME_NAME=Java(TM) SE Runtime Environment, RUNTIME_VERSION=17.0.8+9-LTS-211, VM_NAME=Java HotSpot(TM) 64-Bit Server VM, VM_VERSION=17.0.8+9-LTS-211, VM_VENDOR=Oracle Corporation, OS_ARCH=amd64}
Checking if the launcher JVM can be re-used for build. To be re-used, the launcher JVM needs to match the parameters required for the build process: --add-opens=java.base/java.util=ALL-UNNAMED --add-opens=java.base/java.lang=ALL-UNNAMED --add-opens=java.base/java.lang.invoke=ALL-UNNAMED --add-opens=java.prefs/java.util.prefs=ALL-UNNAMED --add-opens=java.base/java.nio.charset=ALL-UNNAMED --add-opens=java.base/java.net=ALL-UNNAMED --add-opens=java.base/java.util.concurrent.atomic=ALL-UNNAMED -Xms512M -Xmx1G -Dfile.encoding=windows-1251 -Duser.country=RU -Duser.language=ru -Duser.variant
To honour the JVM settings for this build a single-use Daemon process will be forked. For more on this, please refer to https://docs.gradle.org/8.5/userguide/gradle_daemon.html#sec:disabling_the_daemon in the Gradle documentation.
Starting process 'Gradle build daemon'. Working directory: C:\Users\DANA\AppData\Local\Temp\cursor-sandbox-cache\152bd3cf1785a45757cecf2946d7ee3e\gradle\daemon\8.5 Command: C:\Program Files\Java\jdk-17\bin\java.exe --add-opens=java.base/java.util=ALL-UNNAMED --add-opens=java.base/java.lang=ALL-UNNAMED --add-opens=java.base/java.lang.invoke=ALL-UNNAMED --add-opens=java.prefs/java.util.prefs=ALL-UNNAMED --add-opens=java.base/java.nio.charset=ALL-UNNAMED --add-opens=java.base/java.net=ALL-UNNAMED --add-opens=java.base/java.util.concurrent.atomic=ALL-UNNAMED -Xms512M -Xmx1G -Dfile.encoding=windows-1251 -Duser.country=RU -Duser.language=ru -Duser.variant -cp C:\Users\DANA\AppData\Local\Temp\cursor-sandbox-cache\152bd3cf1785a45757cecf2946d7ee3e\gradle\wrapper\dists\gradle-8.5-bin\5t9huq95ubn472n8rpzujfbqh\gradle-8.5\lib\gradle-launcher-8.5.jar -javaagent:C:\Users\DANA\AppData\Local\Temp\cursor-sandbox-cache\152bd3cf1785a45757cecf2946d7ee3e\gradle\wrapper\dists\gradle-8.5-bin\5t9huq95ubn472n8rpzujfbqh\gradle-8.5\lib\agents\gradle-instrumentation-agent-8.5.jar org.gradle.launcher.daemon.bootstrap.GradleDaemon 8.5
Successfully started process 'Gradle build daemon'
An attempt to start the daemon took 1.895 secs.
The client will now receive all logging from the daemon (pid: 26224). The daemon log file: C:\Users\DANA\AppData\Local\Temp\cursor-sandbox-cache\152bd3cf1785a45757cecf2946d7ee3e\gradle\daemon\8.5\daemon-26224.out.log
Daemon will be stopped at the end of the build 
Using 16 worker leases.
Received JVM installation metadata from 'C:\Program Files\Java\jdk-17': {JAVA_HOME=C:\Program Files\Java\jdk-17, JAVA_VERSION=17.0.8, JAVA_VENDOR=Oracle Corporation, RUNTIME_NAME=Java(TM) SE Runtime Environment, RUNTIME_VERSION=17.0.8+9-LTS-211, VM_NAME=Java HotSpot(TM) 64-Bit Server VM, VM_VERSION=17.0.8+9-LTS-211, VM_VENDOR=Oracle Corporation, OS_ARCH=amd64}
Watching the file system is configured to be enabled if available
Now considering [D:\HUH\the-witcher] as hierarchies to watch
File system watching is active
Starting Build
Settings evaluated using settings file 'D:\HUH\the-witcher\settings.gradle'.
Projects loaded. Root project using build file 'D:\HUH\the-witcher\build.gradle'.
Included projects: [root project 'the-witcher', project ':core', project ':desktop']

> Configure project :
Evaluating root project 'the-witcher' using build file 'D:\HUH\the-witcher\build.gradle'.

> Configure project :core
Evaluating project ':core' using build file 'D:\HUH\the-witcher\core\build.gradle'.

> Configure project :desktop
Evaluating project ':desktop' using build file 'D:\HUH\the-witcher\desktop\build.gradle'.
All projects evaluated.
Task path 'desktop:build' matched project ':desktop'
Task name matched 'build'
Selected primary task 'build' from project :desktop
Tasks to be executed: [task ':core:compileJava', task ':desktop:compileJava', task ':desktop:processResources', task ':desktop:classes', task ':desktop:jar', task ':desktop:assemble', task ':core:processResources', task ':core:classes', task ':core:jar', task ':desktop:compileTestJava', task ':desktop:processTestResources', task ':desktop:testClasses', task ':desktop:test', task ':desktop:check', task ':desktop:build']
Tasks that were excluded: []
Resolve mutations for :core:compileJava (Thread[Execution worker Thread 10,5,main]) started.
:core:compileJava (Thread[Execution worker Thread 10,5,main]) started.

> Task :core:compileJava FAILED
Caching disabled for task ':core:compileJava' because:
  Build cache is disabled
Task ':core:compileJava' is not up-to-date because:
  Input property 'stableSources' file D:\HUH\the-witcher\core\src\main\java\main\java\com\witcher\gdx\screens\BootScreen.java has changed.
  Input property 'stableSources' file D:\HUH\the-witcher\core\src\main\java\main\java\com\witcher\gdx\graphics\PixelTextures.java has been added.
  Input property 'stableSources' file D:\HUH\the-witcher\core\src\main\java\main\java\com\witcher\gdx\screens\ShopScreen.java has been added.
Created classpath snapshot for incremental compilation in 0.017 secs.
Compiling with toolchain 'C:\Program Files\Java\jdk-17'.
Compiling with JDK Java compiler API.
D:\HUH\the-witcher\core\src\main\java\main\java\com\witcher\gdx\screens\ShopScreen.java:76: error: incompatible types: possible lossy conversion from float to int
            int panelDrawH = layout.btnY + layout.btnH + 4 - layout.panelY;
                                                           ^
1 error
Incremental compilation of 4 classes completed in 0.572 secs.

FAILURE: Build failed with an exception.

* What went wrong:
Execution failed for task ':core:compileJava'.
> Compilation failed; see the compiler error output for details.

* Try:
> Run with --scan to get full insights.

BUILD FAILED in 7s
1 actionable task: 1 executed
Watched directory hierarchies: [D:\HUH\the-witcher]
